// Jest Snapshot v1, https://goo.gl/fbAQLP

exports[`<SortLink /> should display clickable sort links 1`] = `
<Component
  activeCriteria="fieldascending"
  activeField="@tpmillesime"
  criteria="ascending"
  field="@tpmillesime"
  label="Millesime"
  queryParams={
    Object {
      "aq": "",
      "q": "",
    }
  }
  sortAction={[Function]}
>
  <li>
    <Link
      className="active"
      onClick={[Function]}
      to="/?sort=%40tpmillesime&order=descending"
    />
  </li>
</Component>
`;
